// Jest Snapshot v1, https://goo.gl/fbAQLP

exports[`should render NotFoundPage correctly 1`] = `
<div>
  404! -&gt; 
  <Link
    to="/"
  >
    Go home 
  </Link>
</div>
`;
